stm32f3xx_ll_gpio.h:895:22:LL_GPIO_SetOutputPin	16	static
stm32f3xx_ll_gpio.h:924:22:LL_GPIO_ResetOutputPin	16	static
stm32f3xx_ll_tim.h:3971:22:LL_TIM_ClearFlag_UPDATE	16	static
stm32f3xx_ll_tim.h:3982:26:LL_TIM_IsActiveFlag_UPDATE	16	static
display.c:64:6:resetSegments	8	static
display.c:78:6:setSegments	8	static
display.c:92:6:resetDigits	8	static
display.c:102:6:setDigits	8	static
display.c:111:6:changeDisplayString	24	static
display.c:134:6:setDigit	16	static
display.c:153:15:decode_7seg	16	static
display.c:164:6:setSign	24	static
display.c:175:6:startNewStr	4	static
display.c:180:6:updateDisplay	16	static
display.c:198:6:TIM2_IRQHandler	8	static
